// Jest Snapshot v1, https://goo.gl/fbAQLP

exports[`Main should render default page correctly 1`] = `
<div>
  HOME
</div>
`;
